Archivo de log de movimiento de archivos - 2025-09-27 
================================================ 
Se han movido         1 archivos.
Moved: C:\wamp64\www\oms\restapi_prod\v1\pdf\81156437.pdf 
Se han movido         1 archivos.
Moved: C:\wamp64\www\oms\restapi_prod\v1\pdf\81159181.pdf 
Se han movido         1 archivos.
Moved: C:\wamp64\www\oms\restapi_prod\v1\pdf\81159811.pdf 
Se han movido         1 archivos.
Moved: C:\wamp64\www\oms\restapi_prod\v1\pdf\81159812.pdf 
Se han movido         1 archivos.
Moved: C:\wamp64\www\oms\restapi_prod\v1\pdf\81159816.pdf 
Se han movido         1 archivos.
Moved: C:\wamp64\www\oms\restapi_prod\v1\pdf\81159817.pdf 
Se han movido         1 archivos.
Moved: C:\wamp64\www\oms\restapi_prod\v1\pdf\81159818.pdf 
Se han movido         1 archivos.
Moved: C:\wamp64\www\oms\restapi_prod\v1\pdf\81159819.pdf 
Se han movido         1 archivos.
Moved: C:\wamp64\www\oms\restapi_prod\v1\pdf\81159820.pdf 
Se han movido         1 archivos.
Moved: C:\wamp64\www\oms\restapi_prod\v1\pdf\81159821.pdf 
Se han movido         1 archivos.
Moved: C:\wamp64\www\oms\restapi_prod\v1\pdf\81159822.pdf 
Se han movido         1 archivos.
Moved: C:\wamp64\www\oms\restapi_prod\v1\pdf\81159823.pdf 
Se han movido         1 archivos.
Moved: C:\wamp64\www\oms\restapi_prod\v1\pdf\81159824.pdf 
Se han movido         1 archivos.
Moved: C:\wamp64\www\oms\restapi_prod\v1\pdf\81159825.pdf 
Se han movido         1 archivos.
Moved: C:\wamp64\www\oms\restapi_prod\v1\pdf\81159826.pdf 
Se han movido         1 archivos.
Moved: C:\wamp64\www\oms\restapi_prod\v1\pdf\81159827.pdf 
Se han movido         1 archivos.
Moved: C:\wamp64\www\oms\restapi_prod\v1\pdf\81159828.pdf 
Se han movido         1 archivos.
Moved: C:\wamp64\www\oms\restapi_prod\v1\pdf\81159829.pdf 
Se han movido         1 archivos.
Moved: C:\wamp64\www\oms\restapi_prod\v1\pdf\81159830.pdf 
Se han movido         1 archivos.
Moved: C:\wamp64\www\oms\restapi_prod\v1\pdf\81159831.pdf 
Se han movido         1 archivos.
Moved: C:\wamp64\www\oms\restapi_prod\v1\pdf\81159832.pdf 
Se han movido         1 archivos.
Moved: C:\wamp64\www\oms\restapi_prod\v1\pdf\81159833.pdf 
Se han movido         1 archivos.
Moved: C:\wamp64\www\oms\restapi_prod\v1\pdf\81159834.pdf 
Se han movido         1 archivos.
Moved: C:\wamp64\www\oms\restapi_prod\v1\pdf\81159835.pdf 
Se han movido         1 archivos.
Moved: C:\wamp64\www\oms\restapi_prod\v1\pdf\81159836.pdf 
Se han movido         1 archivos.
Moved: C:\wamp64\www\oms\restapi_prod\v1\pdf\81159837.pdf 
Se han movido         1 archivos.
Moved: C:\wamp64\www\oms\restapi_prod\v1\pdf\81159838.pdf 
================================================ 
Movimiento completado en 27/09/2025 a las  0:10:03,18 
