Archivo de log de movimiento de archivos - 2025-10-03 
================================================ 
Se han movido         1 archivos.
Moved: C:\wamp64\www\oms\restapi_prod\v1\pdf\81159813.pdf 
Se han movido         1 archivos.
Moved: C:\wamp64\www\oms\restapi_prod\v1\pdf\81160782.pdf 
Se han movido         1 archivos.
Moved: C:\wamp64\www\oms\restapi_prod\v1\pdf\81160783.pdf 
Se han movido         1 archivos.
Moved: C:\wamp64\www\oms\restapi_prod\v1\pdf\81160913.pdf 
Se han movido         1 archivos.
Moved: C:\wamp64\www\oms\restapi_prod\v1\pdf\81160914.pdf 
Se han movido         1 archivos.
Moved: C:\wamp64\www\oms\restapi_prod\v1\pdf\81160915.pdf 
Se han movido         1 archivos.
Moved: C:\wamp64\www\oms\restapi_prod\v1\pdf\81160916.pdf 
Se han movido         1 archivos.
Moved: C:\wamp64\www\oms\restapi_prod\v1\pdf\81160917.pdf 
Se han movido         1 archivos.
Moved: C:\wamp64\www\oms\restapi_prod\v1\pdf\81160919.pdf 
Se han movido         1 archivos.
Moved: C:\wamp64\www\oms\restapi_prod\v1\pdf\81160920.pdf 
Se han movido         1 archivos.
Moved: C:\wamp64\www\oms\restapi_prod\v1\pdf\81160921.pdf 
Se han movido         1 archivos.
Moved: C:\wamp64\www\oms\restapi_prod\v1\pdf\81160922.pdf 
Se han movido         1 archivos.
Moved: C:\wamp64\www\oms\restapi_prod\v1\pdf\81160923.pdf 
Se han movido         1 archivos.
Moved: C:\wamp64\www\oms\restapi_prod\v1\pdf\81160924.pdf 
Se han movido         1 archivos.
Moved: C:\wamp64\www\oms\restapi_prod\v1\pdf\81160925.pdf 
Se han movido         1 archivos.
Moved: C:\wamp64\www\oms\restapi_prod\v1\pdf\81161010.pdf 
Se han movido         1 archivos.
Moved: C:\wamp64\www\oms\restapi_prod\v1\pdf\81161012.pdf 
Se han movido         1 archivos.
Moved: C:\wamp64\www\oms\restapi_prod\v1\pdf\81161013.pdf 
Se han movido         1 archivos.
Moved: C:\wamp64\www\oms\restapi_prod\v1\pdf\81161014.pdf 
Se han movido         1 archivos.
Moved: C:\wamp64\www\oms\restapi_prod\v1\pdf\81161015.pdf 
Se han movido         1 archivos.
Moved: C:\wamp64\www\oms\restapi_prod\v1\pdf\81161016.pdf 
Se han movido         1 archivos.
Moved: C:\wamp64\www\oms\restapi_prod\v1\pdf\81161017.pdf 
Se han movido         1 archivos.
Moved: C:\wamp64\www\oms\restapi_prod\v1\pdf\81161055.pdf 
Se han movido         1 archivos.
Moved: C:\wamp64\www\oms\restapi_prod\v1\pdf\81161057.pdf 
Se han movido         1 archivos.
Moved: C:\wamp64\www\oms\restapi_prod\v1\pdf\81161068.pdf 
Se han movido         1 archivos.
Moved: C:\wamp64\www\oms\restapi_prod\v1\pdf\81161069.pdf 
Se han movido         1 archivos.
Moved: C:\wamp64\www\oms\restapi_prod\v1\pdf\81161071.pdf 
Se han movido         1 archivos.
Moved: C:\wamp64\www\oms\restapi_prod\v1\pdf\81161158.pdf 
================================================ 
Movimiento completado en 03/10/2025 a las  0:10:03,21 
