Archivo de log de movimiento de archivos - 2024-09-24 
================================================ 
Se han movido         1 archivos.
Moved: C:\wamp64\www\oms\restapi_prod\v1\pdf\25400644.pdf 
Se han movido         1 archivos.
Moved: C:\wamp64\www\oms\restapi_prod\v1\pdf\25400645.pdf 
Se han movido         1 archivos.
Moved: C:\wamp64\www\oms\restapi_prod\v1\pdf\25400646.pdf 
Se han movido         1 archivos.
Moved: C:\wamp64\www\oms\restapi_prod\v1\pdf\25400814.pdf 
Se han movido         1 archivos.
Moved: C:\wamp64\www\oms\restapi_prod\v1\pdf\25400955.pdf 
Se han movido         1 archivos.
Moved: C:\wamp64\www\oms\restapi_prod\v1\pdf\25400979.pdf 
Se han movido         1 archivos.
Moved: C:\wamp64\www\oms\restapi_prod\v1\pdf\25401129.pdf 
Se han movido         1 archivos.
Moved: C:\wamp64\www\oms\restapi_prod\v1\pdf\25401136.pdf 
Se han movido         1 archivos.
Moved: C:\wamp64\www\oms\restapi_prod\v1\pdf\25401143.pdf 
Se han movido         1 archivos.
Moved: C:\wamp64\www\oms\restapi_prod\v1\pdf\25401471.pdf 
Se han movido         1 archivos.
Moved: C:\wamp64\www\oms\restapi_prod\v1\pdf\25401472.pdf 
Se han movido         1 archivos.
Moved: C:\wamp64\www\oms\restapi_prod\v1\pdf\25401476.pdf 
Se han movido         1 archivos.
Moved: C:\wamp64\www\oms\restapi_prod\v1\pdf\25401477.pdf 
Se han movido         1 archivos.
Moved: C:\wamp64\www\oms\restapi_prod\v1\pdf\25401478.pdf 
Se han movido         1 archivos.
Moved: C:\wamp64\www\oms\restapi_prod\v1\pdf\25401629.pdf 
Se han movido         1 archivos.
Moved: C:\wamp64\www\oms\restapi_prod\v1\pdf\25401632.pdf 
Se han movido         1 archivos.
Moved: C:\wamp64\www\oms\restapi_prod\v1\pdf\25401845.pdf 
Se han movido         1 archivos.
Moved: C:\wamp64\www\oms\restapi_prod\v1\pdf\25401849.pdf 
Se han movido         1 archivos.
Moved: C:\wamp64\www\oms\restapi_prod\v1\pdf\25401851.pdf 
Se han movido         1 archivos.
Moved: C:\wamp64\www\oms\restapi_prod\v1\pdf\25401853.pdf 
Se han movido         1 archivos.
Moved: C:\wamp64\www\oms\restapi_prod\v1\pdf\25402268.pdf 
Se han movido         1 archivos.
Moved: C:\wamp64\www\oms\restapi_prod\v1\pdf\25402272.pdf 
Se han movido         1 archivos.
Moved: C:\wamp64\www\oms\restapi_prod\v1\pdf\25402285.pdf 
Se han movido         1 archivos.
Moved: C:\wamp64\www\oms\restapi_prod\v1\pdf\25402286.pdf 
Se han movido         1 archivos.
Moved: C:\wamp64\www\oms\restapi_prod\v1\pdf\25402290.pdf 
Se han movido         1 archivos.
Moved: C:\wamp64\www\oms\restapi_prod\v1\pdf\25402291.pdf 
Se han movido         1 archivos.
Moved: C:\wamp64\www\oms\restapi_prod\v1\pdf\25402292.pdf 
Se han movido         1 archivos.
Moved: C:\wamp64\www\oms\restapi_prod\v1\pdf\25402452.pdf 
Se han movido         1 archivos.
Moved: C:\wamp64\www\oms\restapi_prod\v1\pdf\25402819.pdf 
Se han movido         1 archivos.
Moved: C:\wamp64\www\oms\restapi_prod\v1\pdf\25402840.pdf 
Se han movido         1 archivos.
Moved: C:\wamp64\www\oms\restapi_prod\v1\pdf\25402846.pdf 
Se han movido         1 archivos.
Moved: C:\wamp64\www\oms\restapi_prod\v1\pdf\81094496.pdf 
Se han movido         1 archivos.
Moved: C:\wamp64\www\oms\restapi_prod\v1\pdf\81094593.pdf 
Se han movido         1 archivos.
Moved: C:\wamp64\www\oms\restapi_prod\v1\pdf\81094597.pdf 
Se han movido         1 archivos.
Moved: C:\wamp64\www\oms\restapi_prod\v1\pdf\81094598.pdf 
Se han movido         1 archivos.
Moved: C:\wamp64\www\oms\restapi_prod\v1\pdf\81094599.pdf 
Se han movido         1 archivos.
Moved: C:\wamp64\www\oms\restapi_prod\v1\pdf\81094609.pdf 
Se han movido         1 archivos.
Moved: C:\wamp64\www\oms\restapi_prod\v1\pdf\81094635.pdf 
Se han movido         1 archivos.
Moved: C:\wamp64\www\oms\restapi_prod\v1\pdf\81094636.pdf 
Se han movido         1 archivos.
Moved: C:\wamp64\www\oms\restapi_prod\v1\pdf\81094637.pdf 
Se han movido         1 archivos.
Moved: C:\wamp64\www\oms\restapi_prod\v1\pdf\81094638.pdf 
Se han movido         1 archivos.
Moved: C:\wamp64\www\oms\restapi_prod\v1\pdf\81094641.pdf 
Se han movido         1 archivos.
Moved: C:\wamp64\www\oms\restapi_prod\v1\pdf\81094643.pdf 
Se han movido         1 archivos.
Moved: C:\wamp64\www\oms\restapi_prod\v1\pdf\81094648.pdf 
Se han movido         1 archivos.
Moved: C:\wamp64\www\oms\restapi_prod\v1\pdf\81094733.pdf 
Se han movido         1 archivos.
Moved: C:\wamp64\www\oms\restapi_prod\v1\pdf\81094736.pdf 
Se han movido         1 archivos.
Moved: C:\wamp64\www\oms\restapi_prod\v1\pdf\81094738.pdf 
Se han movido         1 archivos.
Moved: C:\wamp64\www\oms\restapi_prod\v1\pdf\81094778.pdf 
Se han movido         1 archivos.
Moved: C:\wamp64\www\oms\restapi_prod\v1\pdf\81094779.pdf 
Se han movido         1 archivos.
Moved: C:\wamp64\www\oms\restapi_prod\v1\pdf\81094780.pdf 
Se han movido         1 archivos.
Moved: C:\wamp64\www\oms\restapi_prod\v1\pdf\81094804.pdf 
Se han movido         1 archivos.
Moved: C:\wamp64\www\oms\restapi_prod\v1\pdf\81094856.pdf 
Se han movido         1 archivos.
Moved: C:\wamp64\www\oms\restapi_prod\v1\pdf\81094859.pdf 
Se han movido         1 archivos.
Moved: C:\wamp64\www\oms\restapi_prod\v1\pdf\81094860.pdf 
Se han movido         1 archivos.
Moved: C:\wamp64\www\oms\restapi_prod\v1\pdf\81094869.pdf 
Se han movido         1 archivos.
Moved: C:\wamp64\www\oms\restapi_prod\v1\pdf\81094883.pdf 
Se han movido         1 archivos.
Moved: C:\wamp64\www\oms\restapi_prod\v1\pdf\81095019.pdf 
Se han movido         1 archivos.
Moved: C:\wamp64\www\oms\restapi_prod\v1\pdf\81095021.pdf 
Se han movido         1 archivos.
Moved: C:\wamp64\www\oms\restapi_prod\v1\pdf\81095022.pdf 
Se han movido         1 archivos.
Moved: C:\wamp64\www\oms\restapi_prod\v1\pdf\81095049.pdf 
Se han movido         1 archivos.
Moved: C:\wamp64\www\oms\restapi_prod\v1\pdf\81095095.pdf 
Se han movido         1 archivos.
Moved: C:\wamp64\www\oms\restapi_prod\v1\pdf\81095096.pdf 
Se han movido         1 archivos.
Moved: C:\wamp64\www\oms\restapi_prod\v1\pdf\81095097.pdf 
Se han movido         1 archivos.
Moved: C:\wamp64\www\oms\restapi_prod\v1\pdf\81095100.pdf 
Se han movido         1 archivos.
Moved: C:\wamp64\www\oms\restapi_prod\v1\pdf\81095101.pdf 
Se han movido         1 archivos.
Moved: C:\wamp64\www\oms\restapi_prod\v1\pdf\81095102.pdf 
Se han movido         1 archivos.
Moved: C:\wamp64\www\oms\restapi_prod\v1\pdf\81095103.pdf 
Se han movido         1 archivos.
Moved: C:\wamp64\www\oms\restapi_prod\v1\pdf\81095104.pdf 
Se han movido         1 archivos.
Moved: C:\wamp64\www\oms\restapi_prod\v1\pdf\81095105.pdf 
Se han movido         1 archivos.
Moved: C:\wamp64\www\oms\restapi_prod\v1\pdf\81095121.pdf 
Se han movido         1 archivos.
Moved: C:\wamp64\www\oms\restapi_prod\v1\pdf\81095122.pdf 
Se han movido         1 archivos.
Moved: C:\wamp64\www\oms\restapi_prod\v1\pdf\81095157.pdf 
Se han movido         1 archivos.
Moved: C:\wamp64\www\oms\restapi_prod\v1\pdf\81095285.pdf 
Se han movido         1 archivos.
Moved: C:\wamp64\www\oms\restapi_prod\v1\pdf\81095286.pdf 
Se han movido         1 archivos.
Moved: C:\wamp64\www\oms\restapi_prod\v1\pdf\81095287.pdf 
Se han movido         1 archivos.
Moved: C:\wamp64\www\oms\restapi_prod\v1\pdf\81095288.pdf 
Se han movido         1 archivos.
Moved: C:\wamp64\www\oms\restapi_prod\v1\pdf\81095289.pdf 
Se han movido         1 archivos.
Moved: C:\wamp64\www\oms\restapi_prod\v1\pdf\81095319.pdf 
Se han movido         1 archivos.
Moved: C:\wamp64\www\oms\restapi_prod\v1\pdf\81095320.pdf 
Se han movido         1 archivos.
Moved: C:\wamp64\www\oms\restapi_prod\v1\pdf\81095321.pdf 
Se han movido         1 archivos.
Moved: C:\wamp64\www\oms\restapi_prod\v1\pdf\81095322.pdf 
Se han movido         1 archivos.
Moved: C:\wamp64\www\oms\restapi_prod\v1\pdf\81095323.pdf 
Se han movido         1 archivos.
Moved: C:\wamp64\www\oms\restapi_prod\v1\pdf\81095325.pdf 
Se han movido         1 archivos.
Moved: C:\wamp64\www\oms\restapi_prod\v1\pdf\81095392.pdf 
Se han movido         1 archivos.
Moved: C:\wamp64\www\oms\restapi_prod\v1\pdf\81095393.pdf 
Se han movido         1 archivos.
Moved: C:\wamp64\www\oms\restapi_prod\v1\pdf\81095495.pdf 
Se han movido         1 archivos.
Moved: C:\wamp64\www\oms\restapi_prod\v1\pdf\81095496.pdf 
Se han movido         1 archivos.
Moved: C:\wamp64\www\oms\restapi_prod\v1\pdf\81095497.pdf 
Se han movido         1 archivos.
Moved: C:\wamp64\www\oms\restapi_prod\v1\pdf\81095563.pdf 
Se han movido         1 archivos.
Moved: C:\wamp64\www\oms\restapi_prod\v1\pdf\81095564.pdf 
Se han movido         1 archivos.
Moved: C:\wamp64\www\oms\restapi_prod\v1\pdf\81095764.pdf 
Se han movido         1 archivos.
Moved: C:\wamp64\www\oms\restapi_prod\v1\pdf\81095889.pdf 
Se han movido         1 archivos.
Moved: C:\wamp64\www\oms\restapi_prod\v1\pdf\81095900.pdf 
Se han movido         1 archivos.
Moved: C:\wamp64\www\oms\restapi_prod\v1\pdf\81095901.pdf 
Se han movido         1 archivos.
Moved: C:\wamp64\www\oms\restapi_prod\v1\pdf\81095902.pdf 
Se han movido         1 archivos.
Moved: C:\wamp64\www\oms\restapi_prod\v1\pdf\81095904.pdf 
Se han movido         1 archivos.
Moved: C:\wamp64\www\oms\restapi_prod\v1\pdf\81095945.pdf 
Se han movido         1 archivos.
Moved: C:\wamp64\www\oms\restapi_prod\v1\pdf\81095946.pdf 
Se han movido         1 archivos.
Moved: C:\wamp64\www\oms\restapi_prod\v1\pdf\81095948.pdf 
Se han movido         1 archivos.
Moved: C:\wamp64\www\oms\restapi_prod\v1\pdf\81096033.pdf 
Se han movido         1 archivos.
Moved: C:\wamp64\www\oms\restapi_prod\v1\pdf\81096043.pdf 
Se han movido         1 archivos.
Moved: C:\wamp64\www\oms\restapi_prod\v1\pdf\81096044.pdf 
Se han movido         1 archivos.
Moved: C:\wamp64\www\oms\restapi_prod\v1\pdf\81096111.pdf 
Se han movido         1 archivos.
Moved: C:\wamp64\www\oms\restapi_prod\v1\pdf\81096121.pdf 
Se han movido         1 archivos.
Moved: C:\wamp64\www\oms\restapi_prod\v1\pdf\81096122.pdf 
Se han movido         1 archivos.
Moved: C:\wamp64\www\oms\restapi_prod\v1\pdf\81096130.pdf 
Se han movido         1 archivos.
Moved: C:\wamp64\www\oms\restapi_prod\v1\pdf\81096151.pdf 
Se han movido         1 archivos.
Moved: C:\wamp64\www\oms\restapi_prod\v1\pdf\81096152.pdf 
Se han movido         1 archivos.
Moved: C:\wamp64\www\oms\restapi_prod\v1\pdf\81096191.pdf 
Se han movido         1 archivos.
Moved: C:\wamp64\www\oms\restapi_prod\v1\pdf\81096192.pdf 
Se han movido         1 archivos.
Moved: C:\wamp64\www\oms\restapi_prod\v1\pdf\81096356.pdf 
Se han movido         1 archivos.
Moved: C:\wamp64\www\oms\restapi_prod\v1\pdf\81096357.pdf 
Se han movido         1 archivos.
Moved: C:\wamp64\www\oms\restapi_prod\v1\pdf\81096378.pdf 
Se han movido         1 archivos.
Moved: C:\wamp64\www\oms\restapi_prod\v1\pdf\81096379.pdf 
Se han movido         1 archivos.
Moved: C:\wamp64\www\oms\restapi_prod\v1\pdf\81096380.pdf 
Se han movido         1 archivos.
Moved: C:\wamp64\www\oms\restapi_prod\v1\pdf\81096383.pdf 
Se han movido         1 archivos.
Moved: C:\wamp64\www\oms\restapi_prod\v1\pdf\81096384.pdf 
Se han movido         1 archivos.
Moved: C:\wamp64\www\oms\restapi_prod\v1\pdf\81096385.pdf 
Se han movido         1 archivos.
Moved: C:\wamp64\www\oms\restapi_prod\v1\pdf\81096386.pdf 
Se han movido         1 archivos.
Moved: C:\wamp64\www\oms\restapi_prod\v1\pdf\81096387.pdf 
Se han movido         1 archivos.
Moved: C:\wamp64\www\oms\restapi_prod\v1\pdf\81096408.pdf 
Se han movido         1 archivos.
Moved: C:\wamp64\www\oms\restapi_prod\v1\pdf\81096493.pdf 
Se han movido         1 archivos.
Moved: C:\wamp64\www\oms\restapi_prod\v1\pdf\81096544.pdf 
Se han movido         1 archivos.
Moved: C:\wamp64\www\oms\restapi_prod\v1\pdf\81096545.pdf 
Se han movido         1 archivos.
Moved: C:\wamp64\www\oms\restapi_prod\v1\pdf\81096596.pdf 
Se han movido         1 archivos.
Moved: C:\wamp64\www\oms\restapi_prod\v1\pdf\81096597.pdf 
Se han movido         1 archivos.
Moved: C:\wamp64\www\oms\restapi_prod\v1\pdf\81096598.pdf 
Se han movido         1 archivos.
Moved: C:\wamp64\www\oms\restapi_prod\v1\pdf\81096610.pdf 
Se han movido         1 archivos.
Moved: C:\wamp64\www\oms\restapi_prod\v1\pdf\81096614.pdf 
Se han movido         1 archivos.
Moved: C:\wamp64\www\oms\restapi_prod\v1\pdf\81096615.pdf 
Se han movido         1 archivos.
Moved: C:\wamp64\www\oms\restapi_prod\v1\pdf\81096616.pdf 
Se han movido         1 archivos.
Moved: C:\wamp64\www\oms\restapi_prod\v1\pdf\81096661.pdf 
Se han movido         1 archivos.
Moved: C:\wamp64\www\oms\restapi_prod\v1\pdf\81096675.pdf 
Se han movido         1 archivos.
Moved: C:\wamp64\www\oms\restapi_prod\v1\pdf\81096676.pdf 
Se han movido         1 archivos.
Moved: C:\wamp64\www\oms\restapi_prod\v1\pdf\81096700.pdf 
Se han movido         1 archivos.
Moved: C:\wamp64\www\oms\restapi_prod\v1\pdf\81096701.pdf 
Se han movido         1 archivos.
Moved: C:\wamp64\www\oms\restapi_prod\v1\pdf\81096811.pdf 
Se han movido         1 archivos.
Moved: C:\wamp64\www\oms\restapi_prod\v1\pdf\81096822.pdf 
Se han movido         1 archivos.
Moved: C:\wamp64\www\oms\restapi_prod\v1\pdf\81096874.pdf 
Se han movido         1 archivos.
Moved: C:\wamp64\www\oms\restapi_prod\v1\pdf\81096889.pdf 
Se han movido         1 archivos.
Moved: C:\wamp64\www\oms\restapi_prod\v1\pdf\81096943.pdf 
Se han movido         1 archivos.
Moved: C:\wamp64\www\oms\restapi_prod\v1\pdf\81096944.pdf 
Se han movido         1 archivos.
Moved: C:\wamp64\www\oms\restapi_prod\v1\pdf\81096948.pdf 
Se han movido         1 archivos.
Moved: C:\wamp64\www\oms\restapi_prod\v1\pdf\81096949.pdf 
Se han movido         1 archivos.
Moved: C:\wamp64\www\oms\restapi_prod\v1\pdf\81096951.pdf 
Se han movido         1 archivos.
Moved: C:\wamp64\www\oms\restapi_prod\v1\pdf\81096952.pdf 
Se han movido         1 archivos.
Moved: C:\wamp64\www\oms\restapi_prod\v1\pdf\81096957.pdf 
Se han movido         1 archivos.
Moved: C:\wamp64\www\oms\restapi_prod\v1\pdf\81097138.pdf 
Se han movido         1 archivos.
Moved: C:\wamp64\www\oms\restapi_prod\v1\pdf\81097172.pdf 
Se han movido         1 archivos.
Moved: C:\wamp64\www\oms\restapi_prod\v1\pdf\81097189.pdf 
Se han movido         1 archivos.
Moved: C:\wamp64\www\oms\restapi_prod\v1\pdf\81097236.pdf 
Se han movido         1 archivos.
Moved: C:\wamp64\www\oms\restapi_prod\v1\pdf\81097246.pdf 
Se han movido         1 archivos.
Moved: C:\wamp64\www\oms\restapi_prod\v1\pdf\81097247.pdf 
Se han movido         1 archivos.
Moved: C:\wamp64\www\oms\restapi_prod\v1\pdf\81097270.pdf 
Se han movido         1 archivos.
Moved: C:\wamp64\www\oms\restapi_prod\v1\pdf\81097366.pdf 
Se han movido         1 archivos.
Moved: C:\wamp64\www\oms\restapi_prod\v1\pdf\81097367.pdf 
Se han movido         1 archivos.
Moved: C:\wamp64\www\oms\restapi_prod\v1\pdf\81097416.pdf 
Se han movido         1 archivos.
Moved: C:\wamp64\www\oms\restapi_prod\v1\pdf\81097417.pdf 
Se han movido         1 archivos.
Moved: C:\wamp64\www\oms\restapi_prod\v1\pdf\81097423.pdf 
Se han movido         1 archivos.
Moved: C:\wamp64\www\oms\restapi_prod\v1\pdf\81097425.pdf 
Se han movido         1 archivos.
Moved: C:\wamp64\www\oms\restapi_prod\v1\pdf\81097430.pdf 
Se han movido         1 archivos.
Moved: C:\wamp64\www\oms\restapi_prod\v1\pdf\81097431.pdf 
Se han movido         1 archivos.
Moved: C:\wamp64\www\oms\restapi_prod\v1\pdf\81097433.pdf 
Se han movido         1 archivos.
Moved: C:\wamp64\www\oms\restapi_prod\v1\pdf\81097434.pdf 
Se han movido         1 archivos.
Moved: C:\wamp64\www\oms\restapi_prod\v1\pdf\81097436.pdf 
Se han movido         1 archivos.
Moved: C:\wamp64\www\oms\restapi_prod\v1\pdf\81097437.pdf 
Se han movido         1 archivos.
Moved: C:\wamp64\www\oms\restapi_prod\v1\pdf\81097502.pdf 
Se han movido         1 archivos.
Moved: C:\wamp64\www\oms\restapi_prod\v1\pdf\81097514.pdf 
Se han movido         1 archivos.
Moved: C:\wamp64\www\oms\restapi_prod\v1\pdf\81097635.pdf 
Se han movido         1 archivos.
Moved: C:\wamp64\www\oms\restapi_prod\v1\pdf\81097682.pdf 
Se han movido         1 archivos.
Moved: C:\wamp64\www\oms\restapi_prod\v1\pdf\81097683.pdf 
Se han movido         1 archivos.
Moved: C:\wamp64\www\oms\restapi_prod\v1\pdf\81097684.pdf 
Se han movido         1 archivos.
Moved: C:\wamp64\www\oms\restapi_prod\v1\pdf\81097687.pdf 
Se han movido         1 archivos.
Moved: C:\wamp64\www\oms\restapi_prod\v1\pdf\81097688.pdf 
Se han movido         1 archivos.
Moved: C:\wamp64\www\oms\restapi_prod\v1\pdf\81097689.pdf 
Se han movido         1 archivos.
Moved: C:\wamp64\www\oms\restapi_prod\v1\pdf\81097690.pdf 
Se han movido         1 archivos.
Moved: C:\wamp64\www\oms\restapi_prod\v1\pdf\81097691.pdf 
Se han movido         1 archivos.
Moved: C:\wamp64\www\oms\restapi_prod\v1\pdf\81097692.pdf 
Se han movido         1 archivos.
Moved: C:\wamp64\www\oms\restapi_prod\v1\pdf\81097737.pdf 
Se han movido         1 archivos.
Moved: C:\wamp64\www\oms\restapi_prod\v1\pdf\81097806.pdf 
Se han movido         1 archivos.
Moved: C:\wamp64\www\oms\restapi_prod\v1\pdf\81097807.pdf 
Se han movido         1 archivos.
Moved: C:\wamp64\www\oms\restapi_prod\v1\pdf\81097808.pdf 
Se han movido         1 archivos.
Moved: C:\wamp64\www\oms\restapi_prod\v1\pdf\81097809.pdf 
Se han movido         1 archivos.
Moved: C:\wamp64\www\oms\restapi_prod\v1\pdf\81097810.pdf 
Se han movido         1 archivos.
Moved: C:\wamp64\www\oms\restapi_prod\v1\pdf\81097853.pdf 
Se han movido         1 archivos.
Moved: C:\wamp64\www\oms\restapi_prod\v1\pdf\81097854.pdf 
Se han movido         1 archivos.
Moved: C:\wamp64\www\oms\restapi_prod\v1\pdf\81097884.pdf 
Se han movido         1 archivos.
Moved: C:\wamp64\www\oms\restapi_prod\v1\pdf\81097886.pdf 
Se han movido         1 archivos.
Moved: C:\wamp64\www\oms\restapi_prod\v1\pdf\81097887.pdf 
Se han movido         1 archivos.
Moved: C:\wamp64\www\oms\restapi_prod\v1\pdf\81097954.pdf 
Se han movido         1 archivos.
Moved: C:\wamp64\www\oms\restapi_prod\v1\pdf\81097960.pdf 
Se han movido         1 archivos.
Moved: C:\wamp64\www\oms\restapi_prod\v1\pdf\81098028.pdf 
Se han movido         1 archivos.
Moved: C:\wamp64\www\oms\restapi_prod\v1\pdf\81098029.pdf 
Se han movido         1 archivos.
Moved: C:\wamp64\www\oms\restapi_prod\v1\pdf\81098231.pdf 
Se han movido         1 archivos.
Moved: C:\wamp64\www\oms\restapi_prod\v1\pdf\81098238.pdf 
Se han movido         1 archivos.
Moved: C:\wamp64\www\oms\restapi_prod\v1\pdf\81098239.pdf 
================================================ 
Movimiento completado en 24/09/2024 a las  0:10:13,64 
