Archivo de log de movimiento de archivos - 2025-02-12 
================================================ 
Se han movido         1 archivos.
Moved: C:\wamp64\www\oms\restapi_prod\v1\pdf\25419794.pdf 
Se han movido         1 archivos.
Moved: C:\wamp64\www\oms\restapi_prod\v1\pdf\25419815.pdf 
Se han movido         1 archivos.
Moved: C:\wamp64\www\oms\restapi_prod\v1\pdf\25419816.pdf 
Se han movido         1 archivos.
Moved: C:\wamp64\www\oms\restapi_prod\v1\pdf\25419817.pdf 
Se han movido         1 archivos.
Moved: C:\wamp64\www\oms\restapi_prod\v1\pdf\25419818.pdf 
Se han movido         1 archivos.
Moved: C:\wamp64\www\oms\restapi_prod\v1\pdf\81121880.pdf 
Se han movido         1 archivos.
Moved: C:\wamp64\www\oms\restapi_prod\v1\pdf\81121881.pdf 
Se han movido         1 archivos.
Moved: C:\wamp64\www\oms\restapi_prod\v1\pdf\81121883.pdf 
Se han movido         1 archivos.
Moved: C:\wamp64\www\oms\restapi_prod\v1\pdf\81121884.pdf 
Se han movido         1 archivos.
Moved: C:\wamp64\www\oms\restapi_prod\v1\pdf\81121885.pdf 
Se han movido         1 archivos.
Moved: C:\wamp64\www\oms\restapi_prod\v1\pdf\81121886.pdf 
Se han movido         1 archivos.
Moved: C:\wamp64\www\oms\restapi_prod\v1\pdf\81121887.pdf 
Se han movido         1 archivos.
Moved: C:\wamp64\www\oms\restapi_prod\v1\pdf\81121888.pdf 
Se han movido         1 archivos.
Moved: C:\wamp64\www\oms\restapi_prod\v1\pdf\81121895.pdf 
Se han movido         1 archivos.
Moved: C:\wamp64\www\oms\restapi_prod\v1\pdf\81121896.pdf 
Se han movido         1 archivos.
Moved: C:\wamp64\www\oms\restapi_prod\v1\pdf\81121897.pdf 
Se han movido         1 archivos.
Moved: C:\wamp64\www\oms\restapi_prod\v1\pdf\81121900.pdf 
Se han movido         1 archivos.
Moved: C:\wamp64\www\oms\restapi_prod\v1\pdf\81121927.pdf 
Se han movido         1 archivos.
Moved: C:\wamp64\www\oms\restapi_prod\v1\pdf\81121928.pdf 
Se han movido         1 archivos.
Moved: C:\wamp64\www\oms\restapi_prod\v1\pdf\81122023.pdf 
Se han movido         1 archivos.
Moved: C:\wamp64\www\oms\restapi_prod\v1\pdf\81122024.pdf 
Se han movido         1 archivos.
Moved: C:\wamp64\www\oms\restapi_prod\v1\pdf\81122027.pdf 
Se han movido         1 archivos.
Moved: C:\wamp64\www\oms\restapi_prod\v1\pdf\81122028.pdf 
Se han movido         1 archivos.
Moved: C:\wamp64\www\oms\restapi_prod\v1\pdf\81122079.pdf 
Se han movido         1 archivos.
Moved: C:\wamp64\www\oms\restapi_prod\v1\pdf\81122080.pdf 
Se han movido         1 archivos.
Moved: C:\wamp64\www\oms\restapi_prod\v1\pdf\81122081.pdf 
Se han movido         1 archivos.
Moved: C:\wamp64\www\oms\restapi_prod\v1\pdf\81122084.pdf 
Se han movido         1 archivos.
Moved: C:\wamp64\www\oms\restapi_prod\v1\pdf\81122090.pdf 
Se han movido         1 archivos.
Moved: C:\wamp64\www\oms\restapi_prod\v1\pdf\81122113.pdf 
Se han movido         1 archivos.
Moved: C:\wamp64\www\oms\restapi_prod\v1\pdf\81122114.pdf 
Se han movido         1 archivos.
Moved: C:\wamp64\www\oms\restapi_prod\v1\pdf\81122123.pdf 
Se han movido         1 archivos.
Moved: C:\wamp64\www\oms\restapi_prod\v1\pdf\81122166.pdf 
Se han movido         1 archivos.
Moved: C:\wamp64\www\oms\restapi_prod\v1\pdf\81122167.pdf 
================================================ 
Movimiento completado en 12/02/2025 a las  0:10:04,28 
