Archivo de log de movimiento de archivos - 2025-06-21 
================================================ 
Se han movido         1 archivos.
Moved: C:\wamp64\www\oms\restapi_prod\v1\pdf\81143528.pdf 
Se han movido         1 archivos.
Moved: C:\wamp64\www\oms\restapi_prod\v1\pdf\81143667.pdf 
Se han movido         1 archivos.
Moved: C:\wamp64\www\oms\restapi_prod\v1\pdf\81143668.pdf 
Se han movido         1 archivos.
Moved: C:\wamp64\www\oms\restapi_prod\v1\pdf\81143669.pdf 
Se han movido         1 archivos.
Moved: C:\wamp64\www\oms\restapi_prod\v1\pdf\81143670.pdf 
Se han movido         1 archivos.
Moved: C:\wamp64\www\oms\restapi_prod\v1\pdf\81143677.pdf 
Se han movido         1 archivos.
Moved: C:\wamp64\www\oms\restapi_prod\v1\pdf\81143678.pdf 
Se han movido         1 archivos.
Moved: C:\wamp64\www\oms\restapi_prod\v1\pdf\81143679.pdf 
Se han movido         1 archivos.
Moved: C:\wamp64\www\oms\restapi_prod\v1\pdf\81143680.pdf 
Se han movido         1 archivos.
Moved: C:\wamp64\www\oms\restapi_prod\v1\pdf\81143681.pdf 
Se han movido         1 archivos.
Moved: C:\wamp64\www\oms\restapi_prod\v1\pdf\81143682.pdf 
Se han movido         1 archivos.
Moved: C:\wamp64\www\oms\restapi_prod\v1\pdf\81143684.pdf 
Se han movido         1 archivos.
Moved: C:\wamp64\www\oms\restapi_prod\v1\pdf\81143685.pdf 
Se han movido         1 archivos.
Moved: C:\wamp64\www\oms\restapi_prod\v1\pdf\81143721.pdf 
Se han movido         1 archivos.
Moved: C:\wamp64\www\oms\restapi_prod\v1\pdf\81143734.pdf 
Se han movido         1 archivos.
Moved: C:\wamp64\www\oms\restapi_prod\v1\pdf\81143760.pdf 
Se han movido         1 archivos.
Moved: C:\wamp64\www\oms\restapi_prod\v1\pdf\81143761.pdf 
================================================ 
Movimiento completado en 21/06/2025 a las  0:10:02,80 
